[11:53:57]: Starting Test 0...

[11:53:57]: Starting problem [2, 2, 2]...

[11:53:57]: Starting combination h-rng-spt...

